C251 COMPILER V5.60.0,  Adc                                                                15/03/24  17:31:16  PAGE 1   


C251 COMPILER V5.60.0, COMPILATION OF MODULE Adc
OBJECT MODULE PLACED IN .\Out_File\Adc.obj
COMPILER INVOKED BY: D:\Keil5\C251\BIN\C251.EXE Adc.c XSMALL INTR2 WARNINGLEVEL(3) OPTIMIZE(0,SPEED) BROWSE INCDIR(..\..
                    -\Libraries\libraries;..\..\Libraries\seekfree_libraries;..\..\Libraries\seekfree_peripheral;..\CODE;..\USER\inc;..\USER\
                    -src;..\..\Libraries\seekfree_components) DEBUG PRINT(.\Out_File\Adc.lst) OBJECT(.\Out_File\Adc.obj) 

stmt  level    source

    1          #include "Adc.h"
    2          //float BL1,BL2,BL3,BCTR,BR1,BR2,BR3;
    3          void Adcs_init(void)
    4          {
    5   1      //      adc_init(ADC_P10,ADC_SYSclk_DIV_2);
    6   1      //      adc_init(ADC_P00,ADC_SYSclk_DIV_2);
    7   1      //      adc_init(ADC_P01,ADC_SYSclk_DIV_2);
    8   1      //      adc_init(ADC_P02,ADC_SYSclk_DIV_2);
    9   1              adc_init(ADC_P03,ADC_SYSclk_DIV_2);
   10   1              adc_init(ADC_P04,ADC_SYSclk_DIV_2);
   11   1      //      adc_init(ADC_P05,ADC_SYSclk_DIV_2);
   12   1              adc_init(ADC_P06,ADC_SYSclk_DIV_2);
   13   1              adc_init(ADC_P11,ADC_SYSclk_DIV_2);
   14   1              adc_init(ADC_P13,ADC_SYSclk_DIV_2);
   15   1              adc_init(ADC_P14,ADC_SYSclk_DIV_2);
   16   1      //      adc_init(ADC_P15,ADC_SYSclk_DIV_2);
   17   1              adc_init(ADC_P16,ADC_SYSclk_DIV_2);
   18   1      }
   19          //void Adcs_read(void)
   20          //{
   21          //      BCTR = adc_once(ADC_BCTR,ADC_12BIT);
   22          //      BL1 = adc_once(ADC_BL1,ADC_12BIT);
   23          //      BL2 = adc_once(ADC_BL2,ADC_12BIT);
   24          //      BL3 = adc_once(ADC_BL3,ADC_12BIT);
   25          //      BR1 = adc_once(ADC_BR1,ADC_12BIT);
   26          //      BR2 = adc_once(ADC_BR2,ADC_12BIT);
   27          //      BR3 = adc_once(ADC_BR3,ADC_12BIT);
   28          ////Beep_bee();
   29          //}


Module Information          Static   Overlayable
------------------------------------------------
  code size            =        64     ------
  ecode size           =    ------     ------
  data size            =    ------     ------
  idata size           =    ------     ------
  pdata size           =    ------     ------
  xdata size           =    ------     ------
  xdata-const size     =    ------     ------
  edata size           =    ------     ------
  bit size             =    ------     ------
  ebit size            =    ------     ------
  bitaddressable size  =    ------     ------
  ebitaddressable size =    ------     ------
  far data size        =    ------     ------
  huge data size       =    ------     ------
  const size           =    ------     ------
  hconst size          =    ------     ------
End of Module Information.


C251 COMPILATION COMPLETE.  0 WARNING(S),  0 ERROR(S)
